// Jest Snapshot v1, https://goo.gl/fbAQLP

exports[`renders without crashing 1`] = `
<div
  className="book"
>
  <div
    className="book-top"
  >
    <div
      className="book-cover"
      style={
        Object {
          "backgroundImage": "url(http://books.google.com/books/content?id=IOejDAAAQBAJ&printsec=frontcover&img=1&zoom=1&source=gbs_api)",
          "height": 192,
          "width": 128,
        }
      }
    />
    <div
      className="book-shelf-changer false"
    >
      <select
        onChange={[Function]}
        value="currentlyReading"
      >
        <option
          disabled={true}
          value="none"
        >
          Move to...
        </option>
        <option
          key="currentlyReading"
          value="currentlyReading"
        >
          Currently Reading
        </option>
        <option
          key="wantToRead"
          value="wantToRead"
        >
          Want to Read
        </option>
        <option
          key="read"
          value="read"
        >
          Read
        </option>
        <option
          value="none"
        >
          None
        </option>
      </select>
    </div>
  </div>
  <div
    className="book-title"
  >
    React
  </div>
  <div
    className="book-authors"
  >
    Nils Hartmann, Oliver Zeigermann
  </div>
</div>
`;
